                              1 ;--------------------------------------------------------
                              2 ; File Created by SDCC : free open source ANSI-C Compiler
                              3 ; Version 3.0.1 #6083 (Dec 17 2010) (MINGW32)
                              4 ; This file was generated Wed Apr 08 20:23:30 2026
                              5 ;--------------------------------------------------------
                              6 	.module 3
                              7 	.optsdcc -mmcs51 --model-small
                              8 	
                              9 ;--------------------------------------------------------
                             10 ; Public variables in this module
                             11 ;--------------------------------------------------------
                             12 	.globl _main
                             13 	.globl _int1_isr
                             14 	.globl _int0_isr
                             15 	.globl _delay
                             16 	.globl _T2CON_7
                             17 	.globl _T2CON_6
                             18 	.globl _T2CON_5
                             19 	.globl _T2CON_4
                             20 	.globl _T2CON_3
                             21 	.globl _T2CON_2
                             22 	.globl _T2CON_1
                             23 	.globl _T2CON_0
                             24 	.globl _RI
                             25 	.globl _TI
                             26 	.globl _RB8
                             27 	.globl _TB8
                             28 	.globl _REN
                             29 	.globl _SM2
                             30 	.globl _SM1
                             31 	.globl _SM0
                             32 	.globl _P1_7
                             33 	.globl _P1_6
                             34 	.globl _P1_5
                             35 	.globl _P1_4
                             36 	.globl _P1_3
                             37 	.globl _P1_2
                             38 	.globl _P1_1
                             39 	.globl _P1_0
                             40 	.globl _RXD
                             41 	.globl _TXD
                             42 	.globl _INT0
                             43 	.globl _INT1
                             44 	.globl _T0
                             45 	.globl _T1
                             46 	.globl _WR
                             47 	.globl _RD
                             48 	.globl _PX0
                             49 	.globl _PT0
                             50 	.globl _PX1
                             51 	.globl _PT1
                             52 	.globl _PS
                             53 	.globl _EX0
                             54 	.globl _ET0
                             55 	.globl _EX1
                             56 	.globl _ET1
                             57 	.globl _ES
                             58 	.globl _EA
                             59 	.globl _IT0
                             60 	.globl _IE0
                             61 	.globl _IT1
                             62 	.globl _IE1
                             63 	.globl _TR0
                             64 	.globl _TF0
                             65 	.globl _TR1
                             66 	.globl _TF1
                             67 	.globl _P
                             68 	.globl _OV
                             69 	.globl _RS0
                             70 	.globl _RS1
                             71 	.globl _F0
                             72 	.globl _AC
                             73 	.globl _CY
                             74 	.globl _RCAP2L
                             75 	.globl _RCAP2H
                             76 	.globl _T2CON
                             77 	.globl _SBUF
                             78 	.globl _SCON
                             79 	.globl _IP
                             80 	.globl _IE
                             81 	.globl _AUXR
                             82 	.globl _TH1
                             83 	.globl _TH0
                             84 	.globl _TL1
                             85 	.globl _TL0
                             86 	.globl _TMOD
                             87 	.globl _TCON
                             88 	.globl _PCON
                             89 	.globl _DPH
                             90 	.globl _DPL
                             91 	.globl _SP
                             92 	.globl _B
                             93 	.globl _ACC
                             94 	.globl _PSW
                             95 	.globl _P3
                             96 	.globl _P2
                             97 	.globl _P1
                             98 	.globl _P0
                             99 	.globl _count
                            100 	.globl _seg
                            101 ;--------------------------------------------------------
                            102 ; special function registers
                            103 ;--------------------------------------------------------
                            104 	.area RSEG    (ABS,DATA)
   0000                     105 	.org 0x0000
                    0080    106 _P0	=	0x0080
                    0090    107 _P1	=	0x0090
                    00A0    108 _P2	=	0x00a0
                    00B0    109 _P3	=	0x00b0
                    00D0    110 _PSW	=	0x00d0
                    00E0    111 _ACC	=	0x00e0
                    00F0    112 _B	=	0x00f0
                    0081    113 _SP	=	0x0081
                    0082    114 _DPL	=	0x0082
                    0083    115 _DPH	=	0x0083
                    0087    116 _PCON	=	0x0087
                    0088    117 _TCON	=	0x0088
                    0089    118 _TMOD	=	0x0089
                    008A    119 _TL0	=	0x008a
                    008B    120 _TL1	=	0x008b
                    008C    121 _TH0	=	0x008c
                    008D    122 _TH1	=	0x008d
                    008E    123 _AUXR	=	0x008e
                    00A8    124 _IE	=	0x00a8
                    00B8    125 _IP	=	0x00b8
                    0098    126 _SCON	=	0x0098
                    0099    127 _SBUF	=	0x0099
                    00C8    128 _T2CON	=	0x00c8
                    00CB    129 _RCAP2H	=	0x00cb
                    00CA    130 _RCAP2L	=	0x00ca
                            131 ;--------------------------------------------------------
                            132 ; special function bits
                            133 ;--------------------------------------------------------
                            134 	.area RSEG    (ABS,DATA)
   0000                     135 	.org 0x0000
                    00D7    136 _CY	=	0x00d7
                    00D6    137 _AC	=	0x00d6
                    00D5    138 _F0	=	0x00d5
                    00D4    139 _RS1	=	0x00d4
                    00D3    140 _RS0	=	0x00d3
                    00D2    141 _OV	=	0x00d2
                    00D0    142 _P	=	0x00d0
                    008F    143 _TF1	=	0x008f
                    008E    144 _TR1	=	0x008e
                    008D    145 _TF0	=	0x008d
                    008C    146 _TR0	=	0x008c
                    008B    147 _IE1	=	0x008b
                    008A    148 _IT1	=	0x008a
                    0089    149 _IE0	=	0x0089
                    0088    150 _IT0	=	0x0088
                    00AF    151 _EA	=	0x00af
                    00AC    152 _ES	=	0x00ac
                    00AB    153 _ET1	=	0x00ab
                    00AA    154 _EX1	=	0x00aa
                    00A9    155 _ET0	=	0x00a9
                    00A8    156 _EX0	=	0x00a8
                    00BC    157 _PS	=	0x00bc
                    00BB    158 _PT1	=	0x00bb
                    00BA    159 _PX1	=	0x00ba
                    00B9    160 _PT0	=	0x00b9
                    00B8    161 _PX0	=	0x00b8
                    00B7    162 _RD	=	0x00b7
                    00B6    163 _WR	=	0x00b6
                    00B5    164 _T1	=	0x00b5
                    00B4    165 _T0	=	0x00b4
                    00B3    166 _INT1	=	0x00b3
                    00B2    167 _INT0	=	0x00b2
                    00B1    168 _TXD	=	0x00b1
                    00B0    169 _RXD	=	0x00b0
                    0090    170 _P1_0	=	0x0090
                    0091    171 _P1_1	=	0x0091
                    0092    172 _P1_2	=	0x0092
                    0093    173 _P1_3	=	0x0093
                    0094    174 _P1_4	=	0x0094
                    0095    175 _P1_5	=	0x0095
                    0096    176 _P1_6	=	0x0096
                    0097    177 _P1_7	=	0x0097
                    009F    178 _SM0	=	0x009f
                    009E    179 _SM1	=	0x009e
                    009D    180 _SM2	=	0x009d
                    009C    181 _REN	=	0x009c
                    009B    182 _TB8	=	0x009b
                    009A    183 _RB8	=	0x009a
                    0099    184 _TI	=	0x0099
                    0098    185 _RI	=	0x0098
                    00C8    186 _T2CON_0	=	0x00c8
                    00C9    187 _T2CON_1	=	0x00c9
                    00CA    188 _T2CON_2	=	0x00ca
                    00CB    189 _T2CON_3	=	0x00cb
                    00CC    190 _T2CON_4	=	0x00cc
                    00CD    191 _T2CON_5	=	0x00cd
                    00CE    192 _T2CON_6	=	0x00ce
                    00CF    193 _T2CON_7	=	0x00cf
                            194 ;--------------------------------------------------------
                            195 ; overlayable register banks
                            196 ;--------------------------------------------------------
                            197 	.area REG_BANK_0	(REL,OVR,DATA)
   0000                     198 	.ds 8
                            199 ;--------------------------------------------------------
                            200 ; internal ram data
                            201 ;--------------------------------------------------------
                            202 	.area DSEG    (DATA)
   0000                     203 _seg::
   0000                     204 	.ds 10
   000A                     205 _count::
   000A                     206 	.ds 1
                            207 ;--------------------------------------------------------
                            208 ; overlayable items in internal ram 
                            209 ;--------------------------------------------------------
                            210 	.area OSEG    (OVR,DATA)
                            211 ;--------------------------------------------------------
                            212 ; Stack segment in internal ram 
                            213 ;--------------------------------------------------------
                            214 	.area	SSEG	(DATA)
   0000                     215 __start__stack:
   0000                     216 	.ds	1
                            217 
                            218 ;--------------------------------------------------------
                            219 ; indirectly addressable internal ram data
                            220 ;--------------------------------------------------------
                            221 	.area ISEG    (DATA)
                            222 ;--------------------------------------------------------
                            223 ; absolute internal ram data
                            224 ;--------------------------------------------------------
                            225 	.area IABS    (ABS,DATA)
                            226 	.area IABS    (ABS,DATA)
                            227 ;--------------------------------------------------------
                            228 ; bit data
                            229 ;--------------------------------------------------------
                            230 	.area BSEG    (BIT)
                            231 ;--------------------------------------------------------
                            232 ; paged external ram data
                            233 ;--------------------------------------------------------
                            234 	.area PSEG    (PAG,XDATA)
                            235 ;--------------------------------------------------------
                            236 ; external ram data
                            237 ;--------------------------------------------------------
                            238 	.area XSEG    (XDATA)
                            239 ;--------------------------------------------------------
                            240 ; absolute external ram data
                            241 ;--------------------------------------------------------
                            242 	.area XABS    (ABS,XDATA)
                            243 ;--------------------------------------------------------
                            244 ; external initialized ram data
                            245 ;--------------------------------------------------------
                            246 	.area XISEG   (XDATA)
                            247 	.area HOME    (CODE)
                            248 	.area GSINIT0 (CODE)
                            249 	.area GSINIT1 (CODE)
                            250 	.area GSINIT2 (CODE)
                            251 	.area GSINIT3 (CODE)
                            252 	.area GSINIT4 (CODE)
                            253 	.area GSINIT5 (CODE)
                            254 	.area GSINIT  (CODE)
                            255 	.area GSFINAL (CODE)
                            256 	.area CSEG    (CODE)
                            257 ;--------------------------------------------------------
                            258 ; interrupt vector 
                            259 ;--------------------------------------------------------
                            260 	.area HOME    (CODE)
   0000                     261 __interrupt_vect:
   0000 02s00r00            262 	ljmp	__sdcc_gsinit_startup
   0003 02s00r24            263 	ljmp	_int0_isr
   0006                     264 	.ds	5
   000B 32                  265 	reti
   000C                     266 	.ds	7
   0013 02s00r3C            267 	ljmp	_int1_isr
                            268 ;--------------------------------------------------------
                            269 ; global & static initialisations
                            270 ;--------------------------------------------------------
                            271 	.area HOME    (CODE)
                            272 	.area GSINIT  (CODE)
                            273 	.area GSFINAL (CODE)
                            274 	.area GSINIT  (CODE)
                            275 	.globl __sdcc_gsinit_startup
                            276 	.globl __sdcc_program_startup
                            277 	.globl __start__stack
                            278 	.globl __mcs51_genXINIT
                            279 	.globl __mcs51_genXRAMCLEAR
                            280 	.globl __mcs51_genRAMCLEAR
                            281 ;	C:\Users\User\Desktop\Labmicro\LAB08M~1\3\3.c:2: ERROR: no line number 2 in file C:\Users\User\Desktop\Labmicro\LAB08M~1\3\3.c
   0000 75*00 3F            282 	mov	_seg,#0x3F
   0003 75*01 06            283 	mov	(_seg + 0x0001),#0x06
   0006 75*02 5B            284 	mov	(_seg + 0x0002),#0x5B
   0009 75*03 4F            285 	mov	(_seg + 0x0003),#0x4F
   000C 75*04 66            286 	mov	(_seg + 0x0004),#0x66
   000F 75*05 6D            287 	mov	(_seg + 0x0005),#0x6D
   0012 75*06 7D            288 	mov	(_seg + 0x0006),#0x7D
   0015 75*07 07            289 	mov	(_seg + 0x0007),#0x07
   0018 75*08 7F            290 	mov	(_seg + 0x0008),#0x7F
   001B 75*09 6F            291 	mov	(_seg + 0x0009),#0x6F
                            292 ;	C:\Users\User\Desktop\Labmicro\LAB08M~1\3\3.c:4: ERROR: no line number 4 in file C:\Users\User\Desktop\Labmicro\LAB08M~1\3\3.c
   001E 75*0A 1B            293 	mov	_count,#0x1B
                            294 	.area GSFINAL (CODE)
   0000 02s00r16            295 	ljmp	__sdcc_program_startup
                            296 ;--------------------------------------------------------
                            297 ; Home
                            298 ;--------------------------------------------------------
                            299 	.area HOME    (CODE)
                            300 	.area HOME    (CODE)
   0016                     301 __sdcc_program_startup:
   0016 12s00r4C            302 	lcall	_main
                            303 ;	return from main will lock up
   0019 80 FE               304 	sjmp .
                            305 ;--------------------------------------------------------
                            306 ; code
                            307 ;--------------------------------------------------------
                            308 	.area CSEG    (CODE)
                            309 ;------------------------------------------------------------
                            310 ;Allocation info for local variables in function 'delay'
                            311 ;------------------------------------------------------------
                            312 ;i                         Allocated to registers r2 r3 
                            313 ;j                         Allocated to registers r4 r5 
                            314 ;------------------------------------------------------------
                            315 ;	C:\Users\User\Desktop\Labmicro\LAB08M~1\3\3.c:6: void delay() {
                            316 ;	-----------------------------------------
                            317 ;	 function delay
                            318 ;	-----------------------------------------
   0000                     319 _delay:
                    0002    320 	ar2 = 0x02
                    0003    321 	ar3 = 0x03
                    0004    322 	ar4 = 0x04
                    0005    323 	ar5 = 0x05
                    0006    324 	ar6 = 0x06
                    0007    325 	ar7 = 0x07
                    0000    326 	ar0 = 0x00
                    0001    327 	ar1 = 0x01
                            328 ;	C:\Users\User\Desktop\Labmicro\LAB08M~1\3\3.c:8: for(i=0;i<5;i++)
   0000 7A 00               329 	mov	r2,#0x00
   0002 7B 00               330 	mov	r3,#0x00
   0004                     331 00104$:
   0004 C3                  332 	clr	c
   0005 EA                  333 	mov	a,r2
   0006 94 05               334 	subb	a,#0x05
   0008 EB                  335 	mov	a,r3
   0009 64 80               336 	xrl	a,#0x80
   000B 94 80               337 	subb	a,#0x80
   000D 50 14               338 	jnc	00108$
                            339 ;	C:\Users\User\Desktop\Labmicro\LAB08M~1\3\3.c:9: for(j=0;j<200;j++);
   000F 7C C8               340 	mov	r4,#0xC8
   0011 7D 00               341 	mov	r5,#0x00
   0013                     342 00103$:
   0013 1C                  343 	dec	r4
   0014 BC FF 01            344 	cjne	r4,#0xff,00117$
   0017 1D                  345 	dec	r5
   0018                     346 00117$:
   0018 EC                  347 	mov	a,r4
   0019 4D                  348 	orl	a,r5
   001A 70 F7               349 	jnz	00103$
                            350 ;	C:\Users\User\Desktop\Labmicro\LAB08M~1\3\3.c:8: for(i=0;i<5;i++)
   001C 0A                  351 	inc	r2
   001D BA 00 E4            352 	cjne	r2,#0x00,00104$
   0020 0B                  353 	inc	r3
   0021 80 E1               354 	sjmp	00104$
   0023                     355 00108$:
   0023 22                  356 	ret
                            357 ;------------------------------------------------------------
                            358 ;Allocation info for local variables in function 'int0_isr'
                            359 ;------------------------------------------------------------
                            360 ;------------------------------------------------------------
                            361 ;	C:\Users\User\Desktop\Labmicro\LAB08M~1\3\3.c:12: void int0_isr(void) interrupt 0 {
                            362 ;	-----------------------------------------
                            363 ;	 function int0_isr
                            364 ;	-----------------------------------------
   0024                     365 _int0_isr:
   0024 C0 E0               366 	push	acc
   0026 C0 D0               367 	push	psw
   0028 75 D0 00            368 	mov	psw,#0x00
                            369 ;	C:\Users\User\Desktop\Labmicro\LAB08M~1\3\3.c:13: count++;
   002B 05*0A               370 	inc	_count
                            371 ;	C:\Users\User\Desktop\Labmicro\LAB08M~1\3\3.c:14: if(count > 99) count = 0;
   002D 74 63               372 	mov	a,#0x63
   002F B5*0A 00            373 	cjne	a,_count,00106$
   0032                     374 00106$:
   0032 50 03               375 	jnc	00103$
   0034 75*0A 00            376 	mov	_count,#0x00
   0037                     377 00103$:
   0037 D0 D0               378 	pop	psw
   0039 D0 E0               379 	pop	acc
   003B 32                  380 	reti
                            381 ;	eliminated unneeded push/pop dpl
                            382 ;	eliminated unneeded push/pop dph
                            383 ;	eliminated unneeded push/pop b
                            384 ;------------------------------------------------------------
                            385 ;Allocation info for local variables in function 'int1_isr'
                            386 ;------------------------------------------------------------
                            387 ;------------------------------------------------------------
                            388 ;	C:\Users\User\Desktop\Labmicro\LAB08M~1\3\3.c:17: void int1_isr(void) interrupt 2 {
                            389 ;	-----------------------------------------
                            390 ;	 function int1_isr
                            391 ;	-----------------------------------------
   003C                     392 _int1_isr:
   003C C0 E0               393 	push	acc
                            394 ;	C:\Users\User\Desktop\Labmicro\LAB08M~1\3\3.c:18: if(count == 0) count = 99;
   003E E5*0A               395 	mov	a,_count
   0040 70 05               396 	jnz	00102$
   0042 75*0A 63            397 	mov	_count,#0x63
   0045 80 02               398 	sjmp	00104$
   0047                     399 00102$:
                            400 ;	C:\Users\User\Desktop\Labmicro\LAB08M~1\3\3.c:19: else count--;
   0047 15*0A               401 	dec	_count
   0049                     402 00104$:
   0049 D0 E0               403 	pop	acc
   004B 32                  404 	reti
                            405 ;	eliminated unneeded push/pop psw
                            406 ;	eliminated unneeded push/pop dpl
                            407 ;	eliminated unneeded push/pop dph
                            408 ;	eliminated unneeded push/pop b
                            409 ;------------------------------------------------------------
                            410 ;Allocation info for local variables in function 'main'
                            411 ;------------------------------------------------------------
                            412 ;tens                      Allocated to registers r2 
                            413 ;ones                      Allocated to registers r3 
                            414 ;------------------------------------------------------------
                            415 ;	C:\Users\User\Desktop\Labmicro\LAB08M~1\3\3.c:22: void main() {
                            416 ;	-----------------------------------------
                            417 ;	 function main
                            418 ;	-----------------------------------------
   004C                     419 _main:
                            420 ;	C:\Users\User\Desktop\Labmicro\LAB08M~1\3\3.c:24: IT0 = 1;
   004C D2 88               421 	setb	_IT0
                            422 ;	C:\Users\User\Desktop\Labmicro\LAB08M~1\3\3.c:25: IT1 = 1;
   004E D2 8A               423 	setb	_IT1
                            424 ;	C:\Users\User\Desktop\Labmicro\LAB08M~1\3\3.c:26: EX0 = 1;
   0050 D2 A8               425 	setb	_EX0
                            426 ;	C:\Users\User\Desktop\Labmicro\LAB08M~1\3\3.c:27: EX1 = 1;
   0052 D2 AA               427 	setb	_EX1
                            428 ;	C:\Users\User\Desktop\Labmicro\LAB08M~1\3\3.c:28: EA  = 1;
   0054 D2 AF               429 	setb	_EA
                            430 ;	C:\Users\User\Desktop\Labmicro\LAB08M~1\3\3.c:30: while(1) {
   0056                     431 00102$:
                            432 ;	C:\Users\User\Desktop\Labmicro\LAB08M~1\3\3.c:31: tens = count / 10;
   0056 75 F0 0A            433 	mov	b,#0x0A
   0059 E5*0A               434 	mov	a,_count
   005B 84                  435 	div	ab
   005C FA                  436 	mov	r2,a
                            437 ;	C:\Users\User\Desktop\Labmicro\LAB08M~1\3\3.c:32: ones = count % 10;
   005D 75 F0 0A            438 	mov	b,#0x0A
   0060 E5*0A               439 	mov	a,_count
   0062 84                  440 	div	ab
   0063 AB F0               441 	mov	r3,b
                            442 ;	C:\Users\User\Desktop\Labmicro\LAB08M~1\3\3.c:35: ERROR: no line number 35 in file C:\Users\User\Desktop\Labmicro\LAB08M~1\3\3.c
   0065 75 A0 FD            443 	mov	_P2,#0xFD
                            444 ;	C:\Users\User\Desktop\Labmicro\LAB08M~1\3\3.c:36: ERROR: no line number 36 in file C:\Users\User\Desktop\Labmicro\LAB08M~1\3\3.c
   0068 EA                  445 	mov	a,r2
   0069 24r00               446 	add	a,#_seg
   006B F8                  447 	mov	r0,a
   006C 86 90               448 	mov	_P1,@r0
                            449 ;	C:\Users\User\Desktop\Labmicro\LAB08M~1\3\3.c:37: ERROR: no line number 37 in file C:\Users\User\Desktop\Labmicro\LAB08M~1\3\3.c
   006E C0 03               450 	push	ar3
   0070 12s00r00            451 	lcall	_delay
   0073 D0 03               452 	pop	ar3
                            453 ;	C:\Users\User\Desktop\Labmicro\LAB08M~1\3\3.c:40: ERROR: no line number 40 in file C:\Users\User\Desktop\Labmicro\LAB08M~1\3\3.c
   0075 75 A0 FE            454 	mov	_P2,#0xFE
                            455 ;	C:\Users\User\Desktop\Labmicro\LAB08M~1\3\3.c:41: ERROR: no line number 41 in file C:\Users\User\Desktop\Labmicro\LAB08M~1\3\3.c
   0078 EB                  456 	mov	a,r3
   0079 24r00               457 	add	a,#_seg
   007B F8                  458 	mov	r0,a
   007C 86 90               459 	mov	_P1,@r0
                            460 ;	C:\Users\User\Desktop\Labmicro\LAB08M~1\3\3.c:42: ERROR: no line number 42 in file C:\Users\User\Desktop\Labmicro\LAB08M~1\3\3.c
   007E 12s00r00            461 	lcall	_delay
   0081 80 D3               462 	sjmp	00102$
                            463 	.area CSEG    (CODE)
                            464 	.area CONST   (CODE)
                            465 	.area XINIT   (CODE)
                            466 	.area CABS    (ABS,CODE)
