
ASEM-51 V1.3                                         Copyright (c) 2002 by W.W. Heinz                                         PAGE 1





       MCS-51 Family Macro Assembler   A S E M - 5 1   V 1.3
       =====================================================



	Source File:	C:\Users\User\Desktop\Labmicro\Lab08micro\1\1.asm
	Object File:	C:\Users\User\Desktop\Labmicro\Lab08micro\1\1.hex
	List File:	C:\Users\User\Desktop\Labmicro\Lab08micro\1\1.lst



 Line  I  Addr  Code            Source

    1:				;=============================
    2:				; LAB: 7SEG oo Blink + Interrupt
    3:				;=============================
    4:
    5:		N	 20	FLAG    BIT 20H
    6:		N	 21	DIGIT   BIT 21H
    7:		N	 22	BLINK   BIT 22H
    8:
    9:		N	 30	COUNT   DATA 30H
   10:
   11:		N      0000	ORG 0000H
   12:	  0000	02 00 40	    LJMP MAIN
   13:
   14:
   15:		N      0003	ORG 0003H
   16:	  0003	B2 20		    CPL FLAG
   17:	  0005	32		    RETI
   18:
   19:
   20:		N      000B	ORG 000BH
   21:
   22:
   23:	  000B	75 8C FC	    MOV TH0, #0FCH
   24:	  000E	75 8A 66	    MOV TL0, #066H
   25:
   26:
   27:	  0011	05 30		    INC COUNT
   28:	  0013	E5 30		    MOV A, COUNT
   29:	  0015	B4 C8 05	    CJNE A, #200, NEXT
   30:
   31:	  0018	75 30 00	    MOV COUNT, #00H
   32:	  001B	B2 22		    CPL BLINK
   33:
   34:	  001D			NEXT:
   35:
   36:
   37:	  001D	B2 21		    CPL DIGIT
   38:
   39:
   40:	  001F	D2 A0		    SETB P2.0
   41:	  0021	D2 A1		    SETB P2.1
   42:
   43:

ASEM-51 V1.3                                         Copyright (c) 2002 by W.W. Heinz                                         PAGE 2



 Line  I  Addr  Code            Source

   44:	  0023	30 22 16	    JNB BLINK, OFF
   45:
   46:
   47:	  0026	20 20 04	    JB FLAG, BOT
   48:
   49:	  0029			TOP:
   50:	  0029	74 63		    MOV A, #063H
   51:	  002B	80 02		    SJMP SHOW
   52:
   53:	  002D			BOT:
   54:	  002D	74 5C		    MOV A, #05CH
   55:
   56:	  002F			SHOW:
   57:	  002F	F5 90		    MOV P1, A
   58:
   59:
   60:	  0031	20 21 04	    JB DIGIT, D2
   61:
   62:	  0034			D1:
   63:	  0034	C2 A0		    CLR P2.0
   64:	  0036	80 07		    SJMP EXIT
   65:
   66:	  0038			D2:
   67:	  0038	C2 A1		    CLR P2.1
   68:	  003A	80 03		    SJMP EXIT
   69:
   70:	  003C			OFF:
   71:	  003C	75 90 00	    MOV P1, #00H
   72:
   73:	  003F			EXIT:
   74:	  003F	32		    RETI
   75:
   76:
   77:	  0040			MAIN:
   78:	  0040	75 90 00	    MOV P1, #00H
   79:	  0043	75 A0 FF	    MOV P2, #0FFH
   80:
   81:
   82:	  0046	75 89 01	    MOV TMOD, #01H
   83:	  0049	75 8C FC	    MOV TH0, #0FCH
   84:	  004C	75 8A 66	    MOV TL0, #066H
   85:	  004F	D2 A9		    SETB ET0
   86:	  0051	D2 8C		    SETB TR0
   87:
   88:
   89:	  0053	D2 88		    SETB IT0
   90:	  0055	D2 A8		    SETB EX0
   91:	  0057	D2 AF		    SETB EA
   92:
   93:	  0059	C2 20		    CLR FLAG
   94:	  005B	C2 21		    CLR DIGIT
   95:	  005D	D2 22		    SETB BLINK
   96:
   97:	  005F	75 30 00	    MOV COUNT, #00H
   98:
   99:	  0062			LOOP:

ASEM-51 V1.3                                         Copyright (c) 2002 by W.W. Heinz                                         PAGE 3



 Line  I  Addr  Code            Source

  100:	  0062	80 FE		    SJMP LOOP
  101:
  102:				END





                     register banks used:  ---

                     no errors




ASEM-51 V1.3                                         Copyright (c) 2002 by W.W. Heinz                                         PAGE 4





	       L I S T   O F   S Y M B O L S
	       =============================


SYMBOL				  TYPE     VALUE	LINE
------------------------------------------------------------
??ASEM_51			  NUMBER    8051
??VERSION			  NUMBER    0130
AC				  BIT	      D6
ACC				  DATA	      E0
B				  DATA	      F0
BLINK				  BIT	      22	   7
BOT				  CODE	    002D	  53
COUNT				  DATA	      30	   9
CY				  BIT	      D7
D1				  CODE	    0034	  62
D2				  CODE	    0038	  66
DIGIT				  BIT	      21	   6
DPH				  DATA	      83
DPL				  DATA	      82
EA				  BIT	      AF
ES				  BIT	      AC
ET0				  BIT	      A9
ET1				  BIT	      AB
EX0				  BIT	      A8
EX1				  BIT	      AA
EXIT				  CODE	    003F	  73
EXTI0				  CODE	    0003
EXTI1				  CODE	    0013
F0				  BIT	      D5
FLAG				  BIT	      20	   5
IE				  DATA	      A8
IE0				  BIT	      89
IE1				  BIT	      8B
INT0				  BIT	      B2
INT1				  BIT	      B3
IP				  DATA	      B8
IT0				  BIT	      88
IT1				  BIT	      8A
LOOP				  CODE	    0062	  99
MAIN				  CODE	    0040	  77
NEXT				  CODE	    001D	  34
OFF				  CODE	    003C	  70
OV				  BIT	      D2
P				  BIT	      D0
P0				  DATA	      80
P1				  DATA	      90
P2				  DATA	      A0
P3				  DATA	      B0
PCON				  DATA	      87
PS				  BIT	      BC
PSW				  DATA	      D0
PT0				  BIT	      B9
PT1				  BIT	      BB
PX0				  BIT	      B8
PX1				  BIT	      BA

ASEM-51 V1.3                                         Copyright (c) 2002 by W.W. Heinz                                         PAGE 5



SYMBOL				  TYPE     VALUE	LINE
------------------------------------------------------------
RB8				  BIT	      9A
RD				  BIT	      B7
REN				  BIT	      9C
RESET				  CODE	    0000
RI				  BIT	      98
RS0				  BIT	      D3
RS1				  BIT	      D4
RXD				  BIT	      B0
SBUF				  DATA	      99
SCON				  DATA	      98
SHOW				  CODE	    002F	  56
SINT				  CODE	    0023
SM0				  BIT	      9F
SM1				  BIT	      9E
SM2				  BIT	      9D
SP				  DATA	      81
T0				  BIT	      B4
T1				  BIT	      B5
TB8				  BIT	      9B
TCON				  DATA	      88
TF0				  BIT	      8D
TF1				  BIT	      8F
TH0				  DATA	      8C
TH1				  DATA	      8D
TI				  BIT	      99
TIMER0				  CODE	    000B
TIMER1				  CODE	    001B
TL0				  DATA	      8A
TL1				  DATA	      8B
TMOD				  DATA	      89
TOP				  CODE	    0029	  49
TR0				  BIT	      8C
TR1				  BIT	      8E
TXD				  BIT	      B1
WR				  BIT	      B6
