
ASEM-51 V1.3                                         Copyright (c) 2002 by W.W. Heinz                                         PAGE 1





       MCS-51 Family Macro Assembler   A S E M - 5 1   V 1.3
       =====================================================



	Source File:	C:\Users\perth\Documents\asm\labtest\s1.asm
	Object File:	C:\Users\perth\Documents\asm\labtest\s1.hex
	List File:	C:\Users\perth\Documents\asm\labtest\s1.lst



 Line  I  Addr  Code            Source

    1:		N      00C8	T2CON           EQU 0C8H
    2:		N      00CA	RCAP2L          EQU 0CAH
    3:		N      00CB	RCAP2H          EQU 0CBH
    4:
    5:		B      00B7	PortO_LEDGreen  EQU P3.7
    6:
    7:		N      0000	        ORG 0000H
    8:	  0000	21 00		        JMP 0100H
    9:
   10:		N      0100	        ORG 0100H
   11:	  0100	75 81 3F	        MOV SP, #3FH
   12:	  0103	C2 AF		        CLR EA
   13:	  0105	12 01 62	        CALL Delay_250M
   14:	  0108	12 01 8F	        CALL Initial_Serial
   15:	  010B	12 01 E6	        CALL Send_ClrScr
   16:
   17:				        ; === 1. INITIALIZE TIMERS AS COUNTERS ===
   18:				; Set T0 and T1 pins as INPUTS before starting timers
   19:	  010E	D2 B4		        SETB P3.4       ; Make Pin P3.4 (T0) an input
   20:	  0110	D2 B5		        SETB P3.5       ; Make Pin P3.5 (T1) an input
   21:
   22:	  0112	75 89 55	        MOV TMOD, #55H  ; Set T1 and T0 to Mode 1 (16-bit Counter, C/T=1)
   23:	  0115	D2 8C		        SETB TR0        ; Start Counter 0
   24:	  0117	D2 8E		        SETB TR1        ; Start Counter 1
   25:
   26:	  0119			Main_Loop:
   27:	  0119	90 02 AD	        MOV DPTR,#Header_Fram
   28:	  011C	12 01 EB	        CALL Send_Table
   29:
   30:				        ; === 2. READ COUNTER 0 (ESP D22) ===
   31:	  011F	AD 8A		        MOV R5, TL0         ; Read Low Byte of T0
   32:	  0121	AC 8C		        MOV R4, TH0         ; Read High Byte of T0
   33:
   34:				        ; === 3. READ COUNTER 1 (ESP D23) ===
   35:	  0123	AF 8B		        MOV R7, TL1         ; Read Low Byte of T1
   36:	  0125	AE 8D		        MOV R6, TH1         ; Read High Byte of T1
   37:
   38:				        ; === 4. DISPLAY R4R5 (T0) IN HEX ===
   39:	  0127	EC		        MOV A, R4
   40:	  0128	12 01 A7	        CALL Send_2HEX
   41:	  012B	ED		        MOV A, R5
   42:	  012C	12 01 A7	        CALL Send_2HEX
   43:

ASEM-51 V1.3                                         Copyright (c) 2002 by W.W. Heinz                                         PAGE 2



 Line  I  Addr  Code            Source

   44:				        ; Print Separator
   45:	  012F	74 2C		        MOV A,#','
   46:	  0131	12 01 BD	        CALL Send_ASCII
   47:
   48:				        ; === 5. DISPLAY R6R7 (T1) IN HEX ===
   49:	  0134	EE		        MOV A, R6
   50:	  0135	12 01 A7	        CALL Send_2HEX
   51:	  0138	EF		        MOV A, R7
   52:	  0139	12 01 A7	        CALL Send_2HEX
   53:
   54:	  013C	12 01 DD	        CALL Send_LineFeed
   55:	  013F	B2 B7		        CPL PortO_LEDGreen
   56:
   57:	  0141	12 01 5B	        CALL Delay_500M
   58:
   59:	  0144	80 D3		        JMP Main_Loop
   60:
   61:				$INCLUDE (myDelay.A51)
   62: 1
   63: 1			;############################################
   64: 1			;#************************************************
   65: 1			;#      All Delay for XTAL 18.432MHz 12Clk/MC
   66: 1			;#************************************************
   67: 1  0146	C0 07		DELAY_4SEC:	PUSH	07H	; Delay 80*50MilliSec
   68: 1  0148	7F 50				MOV	R7,#80	;  = 4000MilliSec
   69: 1  014A	02 01 77			JMP	_DELAY_50M
   70: 1
   71: 1  014D	C0 07		DELAY_2SEC:	PUSH	07H	; Delay 40*50MilliSec
   72: 1  014F	7F 28				MOV	R7,#40	;  = 2000MilliSec
   73: 1  0151	02 01 77			JMP	_DELAY_50M
   74: 1
   75: 1  0154	C0 07		DELAY_1SEC:	PUSH	07H	; Delay 20*50MilliSec
   76: 1  0156	7F 14				MOV	R7,#20	;  = 1000MilliSec
   77: 1  0158	02 01 77			JMP	_DELAY_50M
   78: 1
   79: 1  015B	C0 07		DELAY_500M:	PUSH	07H	; Delay 10*50MilliSec
   80: 1  015D	7F 0A				MOV	R7,#10	;  = 500MilliSec
   81: 1  015F	02 01 77			JMP	_DELAY_50M
   82: 1
   83: 1  0162	C0 07		DELAY_250M:	PUSH	07H	; Delay 5*50 MilliSec
   84: 1  0164	7F 05				MOV	R7,#5	;  = 250 MilliSec
   85: 1  0166	02 01 77			JMP	_DELAY_50M
   86: 1
   87: 1  0169	C0 07		DELAY_100M:	PUSH	07H	; Delay 2*50 MilliSec
   88: 1  016B	7F 02				MOV	R7,#2	;  = 100 MilliSec
   89: 1  016D	02 01 77			JMP	_DELAY_50M
   90: 1
   91: 1  0170	C0 07		DELAY_50M:	PUSH	07H	; Delay 1*50 MilliSec
   92: 1  0172	7F 01				MOV	R7,#1	;  = 50 MilliSec
   93: 1  0174	02 01 77			JMP	_DELAY_50M
   94: 1
   95: 1
   96: 1  0177	C0 E0		_DELAY_50M:	PUSH	Acc
   97: 1  0179	C0 F0				PUSH	B
   98: 1  017B	75 F0 C8	_DELAY_050M:	MOV	B,#200	; Delay 50 MilliSec
   99: 1  017E	74 BF		_DELAY_250U:	MOV	A,#191	; 1MC ,250 uSec

ASEM-51 V1.3                                         Copyright (c) 2002 by W.W. Heinz                                         PAGE 3



 Line  I  Addr  Code            Source

  100: 1  0180	D5 E0 FD			DJNZ	Acc,$	; 2MC ,(192-1)*0.651*2 = 250 uSec
  101: 1  0183	D5 F0 F8			DJNZ	B,_DELAY_250U 	; 250*200=50mS
  102: 1  0186	DF F3				DJNZ	R7,_DELAY_050M	; 50*5 =250mS
  103: 1  0188	D0 F0				POP	B
  104: 1  018A	D0 E0				POP	Acc
  105: 1  018C	D0 07				POP	07H
  106: 1  018E	22				RET
  107:				$INCLUDE (mySerial.A51)
  108: 1			;============  Initial Serial Port (11.0592 MHz Crystal) ============
  109: 1  018F			Initial_Serial:
  110: 1			        ; Using explicit hex addresses to bypass "Undefined" compiler errors
  111: 1  018F	75 C8 30	        MOV     0C8H, #30H          ; T2CON (0C8H): Setup Timer 2
  112: 1  0192	75 CB FF	        MOV     0CBH, #0FFH         ; RCAP2H (0CBH): High byte for 9600 bps
  113: 1  0195	75 CA DC	        MOV     0CAH, #0DCH         ; RCAP2L (0CAH): Low byte for 9600 bps
  114: 1
  115: 1  0198	75 CD FF	        MOV     0CDH, #0FFH         ; TH2 (0CDH): Pre-load High (Fix for Line 6)
  116: 1  019B	75 CC DC	        MOV     0CCH, #0DCH         ; TL2 (0CCH): Pre-load Low  (Fix for Line 7)
  117: 1
  118: 1  019E	75 98 50	        MOV     SCON, #50H          ; Serial Mode 1, REN=1
  119: 1  01A1	75 C8 34	        MOV     0C8H, #34H          ; T2CON (0C8H): Start Timer 2 (Fix for Line 9)
  120: 1  01A4	C2 AF		        CLR     EA                  ; Disable All Interrupts
  121: 1  01A6	22		        RET
  122: 1
  123: 1			;==========  Send Data to Serial Port   ==========
  124: 1  01A7	C0 E0		SEND_2HEX:	PUSH	Acc
  125: 1  01A9	C4				SWAP	A
  126: 1  01AA	12 01 AF			CALL	SEND_1HEX
  127: 1  01AD	D0 E0				POP	Acc
  128: 1  01AF	C0 83		SEND_1HEX:	PUSH	DPH
  129: 1  01B1	C0 82				PUSH	DPL
  130: 1  01B3	90 01 CD			MOV	DPTR,#HEXASC_TAB
  131: 1  01B6	54 0F				ANL	A,#0FH
  132: 1  01B8	93				MOVC	A,@A+DPTR
  133: 1  01B9	D0 82				POP	DPL
  134: 1  01BB	D0 83				POP	DPH
  135: 1  01BD	C0 A8		SEND_ASCII:	PUSH	IE
  136: 1  01BF	C2 AC				CLR	ES
  137: 1  01C1	C2 99				CLR    	TI
  138: 1  01C3	F5 99				MOV    	SBUF,A
  139: 1  01C5	30 99 FD			JNB    	TI,$
  140: 1  01C8	C2 99				CLR    	TI
  141: 1  01CA	D0 A8				POP	IE
  142: 1  01CC	22				RET
  143: 1  01CD	30 31 32 33	HEXASC_TAB: 	DB	'0123456789ABCDEF'
       1  01D1	34 35 36 37
       1  01D5	38 39 41 42
       1  01D9	43 44 45 46
  144: 1
  145: 1			;=========   Send Line Feed =================
  146: 1  01DD	74 0D		Send_LineFeed:	MOV	A,#0DH
  147: 1  01DF	31 BD				CALL	Send_ASCII
  148: 1  01E1	74 0A				MOV	A,#0AH
  149: 1  01E3	31 BD				CALL	Send_ASCII
  150: 1  01E5	22				RET
  151: 1
  152: 1			;========  Send Line Feed ==================

ASEM-51 V1.3                                         Copyright (c) 2002 by W.W. Heinz                                         PAGE 4



 Line  I  Addr  Code            Source

  153: 1  01E6	74 0C		Send_ClrScr:	MOV	A,#0CH
  154: 1  01E8	31 BD				CALL	Send_ASCII
  155: 1  01EA	22				RET
  156: 1
  157: 1			;== Send Data Table to Serial Start@DPTR to '00H' =
  158: 1  01EB	E4		Send_Table:	CLR	A
  159: 1  01EC	93				MOVC	A,@A+DPTR
  160: 1  01ED	60 05				JZ	_X_Send_Tab
  161: 1  01EF	31 BD				CALL	SEND_ASCII
  162: 1  01F1	A3				INC	DPTR
  163: 1  01F2	80 F7				JMP	Send_Table
  164: 1  01F4	22		_X_Send_Tab:	RET
  165: 1
  166: 1			;========= Send 1-Byte@Acc to SERIAL =========
  167: 1  01F5	C0 A8		TX_BYTE:	PUSH	IE
  168: 1  01F7	C2 AC				CLR	ES
  169: 1  01F9	C2 99				CLR	TI
  170: 1  01FB	F5 99				MOV	SBUF,A
  171: 1  01FD	30 99 FD			JNB	TI,$
  172: 1  0200	C2 99				CLR	TI
  173: 1  0202	D0 A8				POP	IE
  174: 1  0204	22				RET
  175: 1
  176: 1			;====== Receive Data From SERIAL to Acc ========
  177: 1  0205	C0 A8		RX_BYTE:	PUSH	IE
  178: 1  0207	C2 AC				CLR	ES
  179: 1  0209	30 98 FD			JNB	RI,$	; Wait data
  180: 1  020C	C2 98				CLR	RI
  181: 1  020E	E5 99				MOV	A,SBUF
  182: 1  0210	D0 A8				POP	IE
  183: 1  0212	22				RET
  184:				$INCLUDE (myHex2BCD.A51)  ; Kept in case you want to use DPTR2BCD later
  185: 1  0213	7F 00		DPTR2BCD:       MOV     R7,#0
  186: 1  0215	7E 00		                MOV     R6,#0
  187: 1  0217	AD 83		                MOV     R5,DPH
  188: 1  0219	AC 82		                MOV     R4,DPL
  189: 1
  190: 1  021B	78 30		                MOV     R0,#30H         ; FIXED Line 5: Use explicit hex address
  191: 1
  192: 1			                ; Input  : R7,R6,R5,R4 (HEX)
  193: 1			                ; Output : @R0+0 +1 +2 +3 (BCD)
  194: 1  021D	12 02 5B	                CALL    HEX2BCD_4Byte
  195: 1
  196: 1  0220	78 31		                MOV     R0,#31H         ; FIXED Line 9: Use explicit hex address
  197: 1
  198: 1  0222	E6		                MOV     A,@R0
  199: 1  0223	F5 F0		                MOV     0F0H,A
  200: 1  0225	08		                INC     R0
  201: 1  0226	E6		                MOV     A,@R0
  202: 1  0227	F5 83		                MOV     DPH,A
  203: 1  0229	08		                INC     R0
  204: 1  022A	E6		                MOV     A,@R0
  205: 1  022B	F5 82		                MOV     DPL,A
  206: 1  022D	22		                RET
  207: 1
  208: 1			;==============================================================

ASEM-51 V1.3                                         Copyright (c) 2002 by W.W. Heinz                                         PAGE 5



 Line  I  Addr  Code            Source

  209: 1			;             Four Byte x One Byte
  210: 1			;      Input  :    R6,R5,R4,R3 x R0
  211: 1			;      Output : R7,R6,R5,R4,R3
  212: 1			;==============================================================
  213: 1  022E	00		MUL_4Byte_1Byte:    NOP
  214: 1			;-------------------------------------
  215: 1  022F	E8		_M_4B1B_Byte1:  MOV     A,R0
  216: 1  0230	8B F0		                MOV     B,R3
  217: 1  0232	A4		                MUL     AB
  218: 1  0233	FB		                MOV     R3,A    ; Byte1
  219: 1  0234	A9 F0		                MOV     R1,B
  220: 1			;-------------------------------------
  221: 1  0236	E8		_M_4B1B_Byte2:  MOV     A,R0
  222: 1  0237	8C F0		                MOV     B,R4
  223: 1  0239	A4		                MUL     AB
  224: 1  023A	C3		                CLR     C
  225: 1  023B	29		                ADD     A,R1
  226: 1  023C	FC		                MOV     R4,A    ; Byte2
  227: 1  023D	74 00		                MOV     A,#00
  228: 1  023F	35 F0		                ADDC    A,B
  229: 1  0241	F9		                MOV     R1,A
  230: 1			;-------------------------------------
  231: 1  0242	E8		_M_4B1B_Byte3:  MOV     A,R0
  232: 1  0243	8D F0		                MOV     B,R5
  233: 1  0245	A4		                MUL     AB
  234: 1  0246	C3		                CLR     C
  235: 1  0247	29		                ADD     A,R1
  236: 1  0248	FD		                MOV     R5,A    ; Byte3
  237: 1  0249	74 00		                MOV     A,#00
  238: 1  024B	35 F0		                ADDC    A,B
  239: 1  024D	F9		                MOV     R1,A
  240: 1			;-------------------------------------
  241: 1  024E	E8		_M_4B1B_Byte4:  MOV     A,R0
  242: 1  024F	8E F0		                MOV     B,R6
  243: 1  0251	A4		                MUL     AB
  244: 1  0252	C3		                CLR     C
  245: 1  0253	29		                ADD     A,R1
  246: 1  0254	FE		                MOV     R6,A    ; Byte4
  247: 1  0255	74 00		                MOV     A,#00
  248: 1  0257	35 F0		                ADDC    A,B
  249: 1  0259	FF		                MOV     R7,A    ; Byte5
  250: 1  025A	22		                RET
  251: 1
  252: 1			;==============================================================
  253: 1			;             Four Byte Hex to BCD Converter
  254: 1			;      Input  : R7,R6,R5,R4(HEX)
  255: 1			;      Output : @R0+0 +1 +2 +3(BCD)
  256: 1			;==============================================================
  257: 1  025B	E4		HEX2BCD_4Byte:  CLR     A
  258: 1  025C	F6		                MOV     @R0,A   ; MSB
  259: 1  025D	08		                INC     R0
  260: 1  025E	F6		                MOV     @R0,A
  261: 1  025F	08		                INC     R0
  262: 1  0260	F6		                MOV     @R0,A
  263: 1  0261	08		                INC     R0
  264: 1  0262	F6		                MOV     @R0,A   ; LSB

ASEM-51 V1.3                                         Copyright (c) 2002 by W.W. Heinz                                         PAGE 6



 Line  I  Addr  Code            Source

  265: 1  0263	79 00		                MOV     R1,#00H ; Back Up R0
  266: 1
  267: 1  0265	75 83 20	                MOV     DPH,#32D        ; Data 32 Bits(4Byte)
  268: 1  0268	EC		_HEXTOBCD01_4B: MOV     A,R4
  269: 1  0269	33		                RLC     A
  270: 1  026A	FC		                MOV     R4,A
  271: 1  026B	ED		                MOV     A,R5
  272: 1  026C	33		                RLC     A
  273: 1  026D	FD		                MOV     R5,A
  274: 1  026E	EE		                MOV     A,R6
  275: 1  026F	33		                RLC     A
  276: 1  0270	FE		                MOV     R6,A
  277: 1  0271	EF		                MOV     A,R7
  278: 1  0272	33		                RLC     A
  279: 1  0273	FF		                MOV     R7,A
  280: 1
  281: 1  0274	75 82 04	                MOV     DPL,#04D        ; 4Byte Output
  282: 1  0277	78 01		                MOV     R0,#01H         ; Index To Address@R0
  283: 1  0279	E6		_HEXTOBCD02_4B: MOV     A,@R0
  284: 1  027A	35 E0		                ADDC    A,0E0H          ; Fixed: Use explicit ACC register address
  285: 1  027C	D4		                DA      A
  286: 1  027D	F6		                MOV     @R0,A
  287: 1  027E	18		                DEC     R0
  288: 1  027F	D5 82 F7	                DJNZ    DPL,_HEXTOBCD02_4B
  289: 1  0282	D5 83 E3	                DJNZ    DPH,_HEXTOBCD01_4B
  290: 1  0285	22		                RET
  291: 1
  292: 1			;======================================================================
  293: 1			;  Converse DPTR(HEX) to BCD ==> Hex lessthan 270FH(9999)
  294: 1			;======================================================================
  295: 1  0286	AC 83		DPTR_HEX2BCD:   MOV     R4,DPH  ; Load Input
  296: 1  0288	AB 82		                MOV     R3,DPL
  297: 1  028A	7E 00		                MOV     R6,#0   ; Clear H_Output
  298: 1  028C	7F 00		                MOV     R7,#0   ; Clear L_Output
  299: 1  028E	75 83 10	                MOV     DPH,#16D        ; Data 2Byte(16 Bits)
  300: 1  0291	EB		_DPTR_HEX2BCD01:MOV     A,R3
  301: 1  0292	33		                RLC     A
  302: 1  0293	FB		                MOV     R3,A
  303: 1  0294	EC		                MOV     A,R4
  304: 1  0295	33		                RLC     A
  305: 1  0296	FC		                MOV     R4,A
  306: 1  0297	75 82 02	                MOV     DPL,#02D        ; 2Byte Output
  307: 1  029A	78 07		                MOV     R0,#07H         ; Index To Address@R0
  308: 1  029C	E6		_DPTR_HEX2BCD02:MOV     A,@R0
  309: 1  029D	35 E0		                ADDC    A,0E0H          ; Fixed: Use explicit ACC register address
  310: 1  029F	D4		                DA      A
  311: 1  02A0	F6		                MOV     @R0,A
  312: 1  02A1	18		                DEC     R0
  313: 1  02A2	D5 82 F7	                DJNZ    DPL,_DPTR_HEX2BCD02
  314: 1  02A5	D5 83 E9	                DJNZ    DPH,_DPTR_HEX2BCD01
  315: 1  02A8	8E 83		                MOV     DPH,R6
  316: 1  02AA	8F 82		                MOV     DPL,R7
  317: 1  02AC	22		                RET
  318:
  319:	  02AD	44 61 74 61	Header_Fram:    DB  'Data Counter = ',00
	  02B1	20 43 6F 75

ASEM-51 V1.3                                         Copyright (c) 2002 by W.W. Heinz                                         PAGE 7



 Line  I  Addr  Code            Source

	  02B5	6E 74 65 72
	  02B9	20 3D 20 00
  320:
  321:				        END





                     register banks used:  ---

                     no errors




ASEM-51 V1.3                                         Copyright (c) 2002 by W.W. Heinz                                         PAGE 8





	       L I S T   O F   S Y M B O L S
	       =============================


SYMBOL				  TYPE     VALUE	LINE
------------------------------------------------------------
??ASEM_51			  NUMBER    8051
??VERSION			  NUMBER    0130
AC				  BIT	      D6
ACC				  DATA	      E0
B				  DATA	      F0
CY				  BIT	      D7
DELAY_100M			  CODE	    0169	  87
DELAY_1SEC			  CODE	    0154	  75
DELAY_250M			  CODE	    0162	  83
DELAY_2SEC			  CODE	    014D	  71
DELAY_4SEC			  CODE	    0146	  67
DELAY_500M			  CODE	    015B	  79
DELAY_50M			  CODE	    0170	  91
DPH				  DATA	      83
DPL				  DATA	      82
DPTR2BCD			  CODE	    0213	 185
DPTR_HEX2BCD			  CODE	    0286	 295
EA				  BIT	      AF
ES				  BIT	      AC
ET0				  BIT	      A9
ET1				  BIT	      AB
EX0				  BIT	      A8
EX1				  BIT	      AA
EXTI0				  CODE	    0003
EXTI1				  CODE	    0013
F0				  BIT	      D5
HEADER_FRAM			  CODE	    02AD	 319
HEX2BCD_4BYTE			  CODE	    025B	 257
HEXASC_TAB			  CODE	    01CD	 143
IE				  DATA	      A8
IE0				  BIT	      89
IE1				  BIT	      8B
INITIAL_SERIAL			  CODE	    018F	 109
INT0				  BIT	      B2
INT1				  BIT	      B3
IP				  DATA	      B8
IT0				  BIT	      88
IT1				  BIT	      8A
MAIN_LOOP			  CODE	    0119	  26
MUL_4BYTE_1BYTE			  CODE	    022E	 213
OV				  BIT	      D2
P				  BIT	      D0
P0				  DATA	      80
P1				  DATA	      90
P2				  DATA	      A0
P3				  DATA	      B0
PCON				  DATA	      87
PORTO_LEDGREEN			  NUMBER    00B7	   5
PS				  BIT	      BC
PSW				  DATA	      D0

ASEM-51 V1.3                                         Copyright (c) 2002 by W.W. Heinz                                         PAGE 9



SYMBOL				  TYPE     VALUE	LINE
------------------------------------------------------------
PT0				  BIT	      B9
PT1				  BIT	      BB
PX0				  BIT	      B8
PX1				  BIT	      BA
RB8				  BIT	      9A
RCAP2H				  NUMBER    00CB	   3
RCAP2L				  NUMBER    00CA	   2
RD				  BIT	      B7
REN				  BIT	      9C
RESET				  CODE	    0000
RI				  BIT	      98
RS0				  BIT	      D3
RS1				  BIT	      D4
RXD				  BIT	      B0
RX_BYTE				  CODE	    0205	 177
SBUF				  DATA	      99
SCON				  DATA	      98
SEND_1HEX			  CODE	    01AF	 128
SEND_2HEX			  CODE	    01A7	 124
SEND_ASCII			  CODE	    01BD	 135
SEND_CLRSCR			  CODE	    01E6	 153
SEND_LINEFEED			  CODE	    01DD	 146
SEND_TABLE			  CODE	    01EB	 158
SINT				  CODE	    0023
SM0				  BIT	      9F
SM1				  BIT	      9E
SM2				  BIT	      9D
SP				  DATA	      81
T0				  BIT	      B4
T1				  BIT	      B5
T2CON				  NUMBER    00C8	   1
TB8				  BIT	      9B
TCON				  DATA	      88
TF0				  BIT	      8D
TF1				  BIT	      8F
TH0				  DATA	      8C
TH1				  DATA	      8D
TI				  BIT	      99
TIMER0				  CODE	    000B
TIMER1				  CODE	    001B
TL0				  DATA	      8A
TL1				  DATA	      8B
TMOD				  DATA	      89
TR0				  BIT	      8C
TR1				  BIT	      8E
TXD				  BIT	      B1
TX_BYTE				  CODE	    01F5	 167
WR				  BIT	      B6
_DELAY_050M			  CODE	    017B	  98
_DELAY_250U			  CODE	    017E	  99
_DELAY_50M			  CODE	    0177	  96
_DPTR_HEX2BCD01			  CODE	    0291	 300
_DPTR_HEX2BCD02			  CODE	    029C	 308
_HEXTOBCD01_4B			  CODE	    0268	 268
_HEXTOBCD02_4B			  CODE	    0279	 283
_M_4B1B_BYTE1			  CODE	    022F	 215

ASEM-51 V1.3                                        Copyright (c) 2002 by W.W. Heinz                                         PAGE 10



SYMBOL				  TYPE     VALUE	LINE
------------------------------------------------------------
_M_4B1B_BYTE2			  CODE	    0236	 221
_M_4B1B_BYTE3			  CODE	    0242	 231
_M_4B1B_BYTE4			  CODE	    024E	 241
_X_SEND_TAB			  CODE	    01F4	 164
