
ASEM-51 V1.3                                         Copyright (c) 2002 by W.W. Heinz                                         PAGE 1





       MCS-51 Family Macro Assembler   A S E M - 5 1   V 1.3
       =====================================================



	Source File:	C:\Users\chisa\OneDrive\Desktop\labMicro\lab9\3\Tx.ASM
	Object File:	C:\Users\chisa\OneDrive\Desktop\labMicro\lab9\3\Tx.hex
	List File:	C:\Users\chisa\OneDrive\Desktop\labMicro\lab9\3\Tx.lst



 Line  I  Addr  Code            Source

    1:		N      0000	ORG 0000H
    2:	  0000	80 2E		        SJMP MAIN
    3:
    4:		N      0030	        ORG 0030H
    5:	  0030			MAIN:
    6:	  0030	75 89 20	        MOV TMOD, #20H   ; ตั้งค่า Timer 1 เป็น Mode 2 (8-bit auto-reload)
    7:	  0033	75 8D FD	        MOV TH1, #0FDH   ; ตั้งค่า Baud Rate = 9600 (สำหรับคริสตัล 11.0592 MHz)
    8:	  0036	75 98 50	        MOV SCON, #50H   ; Serial Mode 1, เปิดใช้งานการรับส่ง (REN=1)
    9:	  0039	D2 8E		        SETB TR1         ; เริ่มการทำงาน Timer 1
   10:
   11:	  003B			CHECK_SW:
   12:	  003B	20 90 08	        JB P1.0, CHK_SW1 ; ตรวจสอบ SW0 (ถ้าไม่ได้กด ให้ไปเช็ค SW1)
   13:	  003E	74 30		        MOV A, #'0'      ; ใส่รหัส ASCII ของเลข 0 (30H) ลงใน A
   14:	  0040	11 67		        ACALL SEND_SER
   15:	  0042	11 6F		        ACALL DELAY      ; หน่วงเวลาเพื่อกันการกดปุ่มซ้ำ (Debounce)
   16:	  0044	80 F5		        SJMP CHECK_SW
   17:
   18:	  0046			CHK_SW1:
   19:	  0046	20 91 08	        JB P1.1, CHK_SW2 ; ตรวจสอบ SW1
   20:	  0049	74 31		        MOV A, #'1'      ; ใส่รหัส ASCII ของเลข 1 (31H) ลงใน A
   21:	  004B	11 67		        ACALL SEND_SER
   22:	  004D	11 6F		        ACALL DELAY
   23:	  004F	80 EA		        SJMP CHECK_SW
   24:
   25:	  0051			CHK_SW2:
   26:	  0051	20 92 08	        JB P1.2, CHK_SW3 ; ตรวจสอบ SW2
   27:	  0054	74 32		        MOV A, #'2'      ; ใส่รหัส ASCII ของเลข 2 (32H) ลงใน A
   28:	  0056	11 67		        ACALL SEND_SER
   29:	  0058	11 6F		        ACALL DELAY
   30:	  005A	80 DF		        SJMP CHECK_SW
   31:
   32:	  005C			CHK_SW3:
   33:	  005C	20 93 DC	        JB P1.3, CHECK_SW ; ตรวจสอบ SW3 (ถ้าไม่ได้กด ให้วนกลับไปเช็ค SW0 ใหม่)
   34:	  005F	74 33		        MOV A, #'3'       ; ใส่รหัส ASCII ของเลข 3 (33H) ลงใน A
   35:	  0061	11 67		        ACALL SEND_SER
   36:	  0063	11 6F		        ACALL DELAY
   37:	  0065	80 D4		        SJMP CHECK_SW
   38:
   39:	  0067			SEND_SER:
   40:	  0067	F5 99		        MOV SBUF, A      ; ส่งข้อมูลออกจากพอร์ต Serial
   41:	  0069			WAIT_TX:
   42:	  0069	30 99 FD	        JNB TI, WAIT_TX  ; รอจนกว่าจะส่งข้อมูลเสร็จ (TI=1)
   43:	  006C	C2 99		        CLR TI           ; เคลียร์แฟล็ก TI เพื่อเตรียมส่งครั้งต่อไป

ASEM-51 V1.3                                         Copyright (c) 2002 by W.W. Heinz                                         PAGE 2



 Line  I  Addr  Code            Source

   44:	  006E	22		        RET
   45:
   46:	  006F			DELAY:                   ; โปรแกรมย่อยสำหรับหน่วงเวลา
   47:	  006F	7A FF		        MOV R2, #255
   48:	  0071	7B FF		DL1:    MOV R3, #255
   49:	  0073	DB FE		DL2:    DJNZ R3, DL2
   50:	  0075	DA FA		        DJNZ R2, DL1
   51:	  0077	22		        RET
   52:				        END





                     register banks used:  ---

                     no errors




ASEM-51 V1.3                                         Copyright (c) 2002 by W.W. Heinz                                         PAGE 3





	       L I S T   O F   S Y M B O L S
	       =============================


SYMBOL				  TYPE     VALUE	LINE
------------------------------------------------------------
??ASEM_51			  NUMBER    8051
??VERSION			  NUMBER    0130
AC				  BIT	      D6
ACC				  DATA	      E0
B				  DATA	      F0
CHECK_SW			  CODE	    003B	  11
CHK_SW1				  CODE	    0046	  18
CHK_SW2				  CODE	    0051	  25
CHK_SW3				  CODE	    005C	  32
CY				  BIT	      D7
DELAY				  CODE	    006F	  46
DL1				  CODE	    0071	  48
DL2				  CODE	    0073	  49
DPH				  DATA	      83
DPL				  DATA	      82
EA				  BIT	      AF
ES				  BIT	      AC
ET0				  BIT	      A9
ET1				  BIT	      AB
EX0				  BIT	      A8
EX1				  BIT	      AA
EXTI0				  CODE	    0003
EXTI1				  CODE	    0013
F0				  BIT	      D5
IE				  DATA	      A8
IE0				  BIT	      89
IE1				  BIT	      8B
INT0				  BIT	      B2
INT1				  BIT	      B3
IP				  DATA	      B8
IT0				  BIT	      88
IT1				  BIT	      8A
MAIN				  CODE	    0030	   5
OV				  BIT	      D2
P				  BIT	      D0
P0				  DATA	      80
P1				  DATA	      90
P2				  DATA	      A0
P3				  DATA	      B0
PCON				  DATA	      87
PS				  BIT	      BC
PSW				  DATA	      D0
PT0				  BIT	      B9
PT1				  BIT	      BB
PX0				  BIT	      B8
PX1				  BIT	      BA
RB8				  BIT	      9A
RD				  BIT	      B7
REN				  BIT	      9C
RESET				  CODE	    0000

ASEM-51 V1.3                                         Copyright (c) 2002 by W.W. Heinz                                         PAGE 4



SYMBOL				  TYPE     VALUE	LINE
------------------------------------------------------------
RI				  BIT	      98
RS0				  BIT	      D3
RS1				  BIT	      D4
RXD				  BIT	      B0
SBUF				  DATA	      99
SCON				  DATA	      98
SEND_SER			  CODE	    0067	  39
SINT				  CODE	    0023
SM0				  BIT	      9F
SM1				  BIT	      9E
SM2				  BIT	      9D
SP				  DATA	      81
T0				  BIT	      B4
T1				  BIT	      B5
TB8				  BIT	      9B
TCON				  DATA	      88
TF0				  BIT	      8D
TF1				  BIT	      8F
TH0				  DATA	      8C
TH1				  DATA	      8D
TI				  BIT	      99
TIMER0				  CODE	    000B
TIMER1				  CODE	    001B
TL0				  DATA	      8A
TL1				  DATA	      8B
TMOD				  DATA	      89
TR0				  BIT	      8C
TR1				  BIT	      8E
TXD				  BIT	      B1
WAIT_TX				  CODE	    0069	  41
WR				  BIT	      B6
