
ASEM-51 V1.3                                         Copyright (c) 2002 by W.W. Heinz                                         PAGE 1





       MCS-51 Family Macro Assembler   A S E M - 5 1   V 1.3
       =====================================================



	Source File:	C:\Users\User\Desktop\Labmicro\Lab08micro\2\2.asm
	Object File:	C:\Users\User\Desktop\Labmicro\Lab08micro\2\2.hex
	List File:	C:\Users\User\Desktop\Labmicro\Lab08micro\2\2.lst



 Line  I  Addr  Code            Source

    1:
    2:
    3:		N      0000	ORG 0000H
    4:	  0000	02 00 22	    LJMP MAIN
    5:
    6:
    7:		N      0013	ORG 0013H
    8:	  0013	05 30		    INC COUNT
    9:
   10:
   11:	  0015	E5 30		    MOV A, COUNT
   12:	  0017	B4 64 03	    CJNE A, #100, NEXT
   13:	  001A	75 30 00	    MOV COUNT, #00H
   14:
   15:	  001D			NEXT:
   16:
   17:	  001D	11 63		    ACALL DELAY_750MS
   18:
   19:
   20:	  001F	C2 8B		    CLR IE1
   21:
   22:	  0021	32		    RETI
   23:
   24:
   25:	  0022			MAIN:
   26:	  0022	75 90 00	    MOV P1, #00H
   27:	  0025	75 A0 FF	    MOV P2, #0FFH
   28:
   29:
   30:	  0028	D2 8A		    SETB IT1
   31:	  002A	D2 AA		    SETB EX1
   32:	  002C	D2 AF		    SETB EA
   33:
   34:	  002E	75 30 1B	    MOV COUNT, #27
   35:
   36:	  0031			LOOP:
   37:
   38:
   39:	  0031	E5 30		    MOV A, COUNT
   40:	  0033	75 F0 0A	    MOV B, #10
   41:	  0036	84		    DIV AB
   42:
   43:	  0037	F5 31		    MOV TEN, A

ASEM-51 V1.3                                         Copyright (c) 2002 by W.W. Heinz                                         PAGE 2



 Line  I  Addr  Code            Source

   44:	  0039	85 F0 32	    MOV ONE, B
   45:
   46:
   47:	  003C	C2 A1		    CLR P2.1
   48:	  003E	D2 A0		    SETB P2.0
   49:
   50:	  0040	E5 31		    MOV A, TEN
   51:	  0042	90 00 70	    MOV DPTR, #TABLE
   52:	  0045	93		    MOVC A, @A+DPTR
   53:	  0046	F5 90		    MOV P1, A
   54:	  0048	11 5A		    ACALL DELAY
   55:
   56:
   57:	  004A	D2 A1		    SETB P2.1
   58:	  004C	C2 A0		    CLR P2.0
   59:
   60:	  004E	E5 32		    MOV A, ONE
   61:	  0050	90 00 70	    MOV DPTR, #TABLE
   62:	  0053	93		    MOVC A, @A+DPTR
   63:	  0054	F5 90		    MOV P1, A
   64:	  0056	11 5A		    ACALL DELAY
   65:
   66:	  0058	80 D7		    SJMP LOOP
   67:
   68:				;-----------------------------
   69:				; Delay สั้น (multiplex)
   70:				;-----------------------------
   71:	  005A			DELAY:
   72:	  005A	7F 05		    MOV R7, #5
   73:	  005C	7E C8		D1: MOV R6, #200
   74:	  005E	DE FE		D2: DJNZ R6, D2
   75:	  0060	DF FA		    DJNZ R7, D1
   76:	  0062	22		    RET
   77:
   78:				;-----------------------------
   79:				; Delay ~750 ms
   80:				;-----------------------------
   81:	  0063			DELAY_750MS:
   82:	  0063	7D 0A		    MOV R5, #10
   83:	  0065	7E FA		L1: MOV R6, #250
   84:	  0067	7F FA		L2: MOV R7, #250
   85:	  0069	DF FE		L3: DJNZ R7, L3
   86:	  006B	DE FA		    DJNZ R6, L2
   87:	  006D	DD F6		    DJNZ R5, L1
   88:	  006F	22		    RET
   89:
   90:				;-----------------------------
   91:				; Data
   92:				;-----------------------------
   93:		N	 30	COUNT   DATA 30H
   94:		N	 31	TEN     DATA 31H
   95:		N	 32	ONE     DATA 32H
   96:
   97:	  0070			TABLE:
   98:	  0070	3F 06 5B 4F	    DB 3FH,06H,5BH,4FH,66H,6DH,7DH,07H,7FH,6FH
	  0074	66 6D 7D 07

ASEM-51 V1.3                                         Copyright (c) 2002 by W.W. Heinz                                         PAGE 3



 Line  I  Addr  Code            Source

	  0078	7F 6F
   99:
  100:				END





                     register banks used:  ---

                     no errors




ASEM-51 V1.3                                         Copyright (c) 2002 by W.W. Heinz                                         PAGE 4





	       L I S T   O F   S Y M B O L S
	       =============================


SYMBOL				  TYPE     VALUE	LINE
------------------------------------------------------------
??ASEM_51			  NUMBER    8051
??VERSION			  NUMBER    0130
AC				  BIT	      D6
ACC				  DATA	      E0
B				  DATA	      F0
COUNT				  DATA	      30	  93
CY				  BIT	      D7
D1				  CODE	    005C	  73
D2				  CODE	    005E	  74
DELAY				  CODE	    005A	  71
DELAY_750MS			  CODE	    0063	  81
DPH				  DATA	      83
DPL				  DATA	      82
EA				  BIT	      AF
ES				  BIT	      AC
ET0				  BIT	      A9
ET1				  BIT	      AB
EX0				  BIT	      A8
EX1				  BIT	      AA
EXTI0				  CODE	    0003
EXTI1				  CODE	    0013
F0				  BIT	      D5
IE				  DATA	      A8
IE0				  BIT	      89
IE1				  BIT	      8B
INT0				  BIT	      B2
INT1				  BIT	      B3
IP				  DATA	      B8
IT0				  BIT	      88
IT1				  BIT	      8A
L1				  CODE	    0065	  83
L2				  CODE	    0067	  84
L3				  CODE	    0069	  85
LOOP				  CODE	    0031	  36
MAIN				  CODE	    0022	  25
NEXT				  CODE	    001D	  15
ONE				  DATA	      32	  95
OV				  BIT	      D2
P				  BIT	      D0
P0				  DATA	      80
P1				  DATA	      90
P2				  DATA	      A0
P3				  DATA	      B0
PCON				  DATA	      87
PS				  BIT	      BC
PSW				  DATA	      D0
PT0				  BIT	      B9
PT1				  BIT	      BB
PX0				  BIT	      B8
PX1				  BIT	      BA

ASEM-51 V1.3                                         Copyright (c) 2002 by W.W. Heinz                                         PAGE 5



SYMBOL				  TYPE     VALUE	LINE
------------------------------------------------------------
RB8				  BIT	      9A
RD				  BIT	      B7
REN				  BIT	      9C
RESET				  CODE	    0000
RI				  BIT	      98
RS0				  BIT	      D3
RS1				  BIT	      D4
RXD				  BIT	      B0
SBUF				  DATA	      99
SCON				  DATA	      98
SINT				  CODE	    0023
SM0				  BIT	      9F
SM1				  BIT	      9E
SM2				  BIT	      9D
SP				  DATA	      81
T0				  BIT	      B4
T1				  BIT	      B5
TABLE				  CODE	    0070	  97
TB8				  BIT	      9B
TCON				  DATA	      88
TEN				  DATA	      31	  94
TF0				  BIT	      8D
TF1				  BIT	      8F
TH0				  DATA	      8C
TH1				  DATA	      8D
TI				  BIT	      99
TIMER0				  CODE	    000B
TIMER1				  CODE	    001B
TL0				  DATA	      8A
TL1				  DATA	      8B
TMOD				  DATA	      89
TR0				  BIT	      8C
TR1				  BIT	      8E
TXD				  BIT	      B1
WR				  BIT	      B6
